// Jest Snapshot v1, https://goo.gl/fbAQLP

exports[`ResponseSubscriptionDisplay should initialize as listening 1`] = `
<div
  className="tab_content-response"
>
  <div
    className="json-response"
  >
    Listening for new data
  </div>
</div>
`;
